[dsv41 16:56:46] prebuild: head 9 built / 0 failed; worker 9 / 0
[dsv41 16:56:46] engram prebuild: [tensorfold] building CUDA extension tf_dsv41_engram_gate_v1 (first start after an install or update; later starts reuse it)
[dsv41 16:56:56] memory ok: MemFree head 111.8, worker 999 GiB
[dsv41 16:58:02] engram tests rc=0 (66 s): 27 passed, 1 warning in 61.35s (0:01:01)
[dsv41 16:58:14] memory ok: MemFree head 114.9, worker 110.7 GiB
[dsv41 16:58:14] g8e-off: env TF_DSV41_PHASES=1 TF_DSV41_ROUTER=gemv TF_DSV41_ENGRAM_GATE=0; m2bench --only code --reps 1 --streams 1,2,4 --c-sampling mixed
[dsv41 17:00:14] g8e-off: rank 0 rc=0, rank 1 rc=0; 
[dsv41 17:00:14] g8e-off memory: head ; worker 
[dsv41 17:00:14] g8e-off boot: [tensorfold] roce: all-gathers of up to 1024 KiB a rank over RoCE on roceP2p1s0f1 (GID 3, <head-link-ip-2>), rocep1s0f1 (GID 3, <head-link-ip>); timeout 120 s; probe 14.5 us eager at 16 KiB [tensorfold] serving: 4 slot(s) x 16448 tokens; 0 of 4 slots busy; pool 260 of 260 pages free, 0 reserved, 0 mapped; long prefills (> 32768 tokens) 1 at a time; sessions: 0 RAM entries (0 pool pages, 0.0 MiB boun
[dsv41 17:00:26] memory ok: MemFree head 117.2, worker 114.1 GiB
[dsv41 17:00:26] g8e-on: env TF_DSV41_PHASES=1 TF_DSV41_ROUTER=gemv TF_DSV41_ENGRAM_GATE=1; m2bench --only code --reps 1 --streams 1,2,4 --c-sampling mixed
[dsv41 17:02:22] g8e-on: rank 0 rc=0, rank 1 rc=0; 
[dsv41 17:02:22] g8e-on memory: head ; worker 
[dsv41 17:02:22] g8e-on boot: [tensorfold] roce: all-gathers of up to 1024 KiB a rank over RoCE on roceP2p1s0f1 (GID 3, <head-link-ip-2>), rocep1s0f1 (GID 3, <head-link-ip>); timeout 120 s; probe 14.5 us eager at 16 KiB [tensorfold] serving: 4 slot(s) x 16448 tokens; 0 of 4 slots busy; pool 260 of 260 pages free, 0 reserved, 0 mapped; long prefills (> 32768 tokens) 1 at a time; sessions: 0 RAM entries (0 pool pages, 0.0 MiB boun
[dsv41 17:02:22] engram phases: cfg  C     tok/s rounds       round     execute      window     forward graph.stage engram.wait  draft.pass    prefetch      commit   (ms a round)
[dsv41 17:02:22] engram phases: off  C1     71.9    104       54.60       53.93       46.74        0.94        0.90        0.97        3.61        0.24        0.53
[dsv41 17:02:22] engram phases: off  C2    52.27    231       66.32       65.21       56.78       24.70        1.55        8.19        4.67        0.52        0.95
[dsv41 17:02:22] engram phases: off  C4    78.97    230       88.26       87.36       72.48       34.56        0.27       13.12        5.18        0.63        1.10
[dsv41 17:02:22] engram phases: off: exact_all True; DSpark on (depth cost, cap 5, costs measured); draft head full; draft graphs on: 6 held (1 at boot in 0.07 s, 5 on first use), 771 replays, 5 eager windows; Engram prefetch {'issued': 3096, 'hits': 3272, 'misses': 40, 'dropped': 0, 'reads': 38014, 'cached': 123988, 'waited': 24652, 'ahead': 0, 'kept
[dsv41 17:02:22] engram phases: on   C1    72.45    104       54.26       53.58       46.16        0.12        0.07        0.16        3.69        0.18        0.48
[dsv41 17:02:22] engram phases: on   C2    54.08    231       64.19       63.16       54.89       19.40        0.04        0.19        4.46        0.42        0.79
[dsv41 17:02:22] engram phases: on   C4    81.02    230       85.46       84.09       69.94       31.00        0.04        0.06        5.07        0.38        1.15
[dsv41 17:02:22] engram phases: on: exact_all True; DSpark on (depth cost, cap 5, costs measured); draft head full; draft graphs on: 6 held (1 at boot in 0.07 s, 5 on first use), 769 replays, 5 eager windows; Engram prefetch {'issued': 16, 'hits': 18, 'misses': 2, 'dropped': 0, 'reads': 7127, 'cached': 11336, 'waited': 2184, 'ahead': 0, 'kept': 0}; E
ENGRAM-DONE
