[boot] r0 +3.1s start: imports, CLI (3.1s) | MemFree 116.5 GiB, MemAvailable 116.4 GiB
[boot] r0 +5.8s NCCL (both ranks up) (2.7s) | MemFree 114.0 GiB, MemAvailable 114.0 GiB
[tensorfold] weights: prepared folder /prepared/model/3c52fb1b8d6c90e6/rank0, 101.8 GB in 11.7s (8.7 GB/s, 8 threads, O_DIRECT, 96/1518 chunks verified)
[boot] r0 +18.1s weights: 101.8 GB (12.2s) | MemFree 16.8 GiB, MemAvailable 16.8 GiB
[boot] r0 +19.0s forward built: 95.4 GiB allocated (0.9s) | MemFree 16.1 GiB, MemAvailable 16.2 GiB
[tensorfold] building CUDA extension tensorfold_exl3_linear_v3 (first start after an install or update; later starts reuse it)
[tensorfold] building CUDA extension tensorfold_exl3_experts_v1 (first start after an install or update; later starts reuse it)
[tensorfold] building CUDA extension tf_dsv41_x3ld_v1 (first start after an install or update; later starts reuse it)
[boot] r0 +82.8s warm-up window, barrier: serving (63.8s) | MemFree 8.9 GiB, MemAvailable 10.2 GiB
prompt 0: top-1 0.9785 (first copy of 38: 0.6842), prefill 13.0s, decode 11.37 tok/s
prompt 1: top-1 0.9560 (first copy of 44: 1.0000), prefill 9.6s, decode 11.47 tok/s
prompt 2: top-1 0.9414 (first copy of 49: 0.8163), prefill 10.1s, decode 11.42 tok/s
prompt 3: top-1 0.9223 (first copy of 21: 0.8571), prefill 7.5s, decode 11.42 tok/s
prompt 4: top-1 0.9736 (first copy of 45: 0.8000), prefill 9.8s, decode 11.44 tok/s
prompt 5: top-1 0.9551 (first copy of 38: 0.8421), prefill 8.9s, decode 11.38 tok/s
prompt 6: top-1 0.9213 (first copy of 44: 0.9091), prefill 9.8s, decode 11.4 tok/s
prompt 7: top-1 0.7333 (first copy of 22: 1.0000), prefill 6.5s, decode 11.41 tok/s
{
 "boot_s": 79.7,
 "launch_to_ready_s": 82.9,
 "knobs": {
  "GLM53_TF_COMM_BACKEND": "nccl",
  "TF_DSV41_ENGRAM_DIR": "/engram",
  "TF_DSV41_EXPERT_LOADS": "1",
  "TF_DSV41_EXPERT_PREFILL": "0",
  "TF_DSV41_LAUNCH_T0": "1790885062.707419016",
  "TF_DSV41_PREPARED": "/prepared",
  "TF_DSV41_PREPARED_WRITE": "1"
 },
 "top1_agreement": 0.9226917440156326,
 "top1_first_copy": 0.8571428571428571,
 "kit_top1_in_our_top5": 0.9934049829018076,
 "positions": 16376,
 "median_abs_logprob_err": 0.12116833375373659,
 "row_invariance": {
  "windows_of_8": true,
  "one_row": true,
  "rows": 259
 },
 "decode_tok_s_median": 11.42,
 "memory": {
  "after_boot_alloc_gib": 95.5,
  "after_boot_reserved_gib": 95.65,
  "mem_available_after_boot_gib": 10.24,
  "peak_alloc_gib": 98.47,
  "peak_reserved_gib": 99.13,
  "workspace_peak_gib": 0.02,
  "mem_available_min_gib": 7.07,
  "per_rank_mem_available_min_gib": [
   7.07,
   5.63
  ],
  "per_rank_peak_reserved_gib": [
   99.13,
   99.13
  ]
 },
 "gates": {
  "top1": false,
  "row_invariance": true,
  "decode_floor": false,
  "boot_le_90s": true,
  "boot_le_60s": false
 },
 "pass": false
}
