[boot] r0 +3.4s start: imports, CLI (3.4s) | MemFree 116.0 GiB, MemAvailable 116.0 GiB
[boot] r0 +7.0s NCCL (both ranks up) (3.6s) | MemFree 113.6 GiB, MemAvailable 113.6 GiB
[tensorfold] weights: prepared folder /prepared/model/3c52fb1b8d6c90e6/rank0, 101.8 GB in 11.4s (9.0 GB/s, 8 threads, O_DIRECT, 96/1518 chunks verified)
[boot] r0 +18.9s weights: 101.8 GB (11.9s) | MemFree 16.5 GiB, MemAvailable 16.5 GiB
[boot] r0 +19.8s forward built: 95.4 GiB allocated (0.9s) | MemFree 15.8 GiB, MemAvailable 15.9 GiB
[tensorfold] building CUDA extension tensorfold_exl3_linear_v3 (first start after an install or update; later starts reuse it)
[tensorfold] building CUDA extension tensorfold_exl3_experts_v1 (first start after an install or update; later starts reuse it)
[tensorfold] building CUDA extension tf_dsv41_x3ld_v1 (first start after an install or update; later starts reuse it)
[boot] r0 +80.0s warm-up window, barrier: serving (60.2s) | MemFree 8.6 GiB, MemAvailable 9.8 GiB
prompt 0: top-1 0.9990 (first copy of 38: 0.9474), prefill 9.3s, decode 19.57 tok/s
prompt 1: top-1 1.0000 (first copy of 44: 1.0000), prefill 9.5s, decode 19.49 tok/s
prompt 2: top-1 0.9980 (first copy of 49: 0.9388), prefill 9.9s, decode 19.44 tok/s
prompt 3: top-1 0.9785 (first copy of 21: 0.9524), prefill 7.6s, decode 19.18 tok/s
prompt 4: top-1 0.9980 (first copy of 45: 0.9333), prefill 10.0s, decode 19.11 tok/s
prompt 5: top-1 0.9985 (first copy of 38: 0.9211), prefill 9.2s, decode 19.11 tok/s
prompt 6: top-1 0.9995 (first copy of 44: 0.9773), prefill 10.0s, decode 19.17 tok/s
prompt 7: top-1 0.9990 (first copy of 22: 0.9545), prefill 6.4s, decode 19.39 tok/s
{
 "boot_s": 76.6,
 "launch_to_ready_s": 80.0,
 "knobs": {
  "GLM53_TF_COMM_BACKEND": "nccl",
  "TF_DSV41_ENGRAM_DIR": "/engram",
  "TF_DSV41_EXPERT_LOADS": "1",
  "TF_DSV41_EXPERT_PREFILL": "0",
  "TF_DSV41_LAUNCH_T0": "1790887311.995513178",
  "TF_DSV41_PREPARED": "/prepared",
  "TF_DSV41_PREPARED_WRITE": "1"
 },
 "top1_agreement": 0.9963361016121153,
 "top1_first_copy": 0.9534883720930233,
 "kit_top1_in_our_top5": 0.9998168050806058,
 "positions": 16376,
 "median_abs_logprob_err": 5.035503463091118e-06,
 "row_invariance": {
  "windows_of_8": true,
  "one_row": true,
  "rows": 259
 },
 "decode_tok_s_median": 19.39,
 "memory": {
  "after_boot_alloc_gib": 95.5,
  "after_boot_reserved_gib": 95.65,
  "mem_available_after_boot_gib": 9.81,
  "peak_alloc_gib": 98.48,
  "peak_reserved_gib": 98.84,
  "workspace_peak_gib": 0.02,
  "mem_available_min_gib": 6.82,
  "per_rank_mem_available_min_gib": [
   6.82,
   5.3
  ],
  "per_rank_peak_reserved_gib": [
   98.84,
   98.84
  ]
 },
 "gates": {
  "top1": true,
  "row_invariance": true,
  "decode_floor": false,
  "boot_le_90s": true,
  "boot_le_60s": false
 },
 "pass": false
}
