1790890857.427 117.52 116.99
1790890857.933 117.51 116.99
1790890858.439 117.52 116.99
1790890858.944 117.51 116.98
1790890859.448 117.52 116.99
1790890859.955 117.47 117.02
1790890860.460 117.40 117.01
1790890860.965 117.30 116.99
1790890861.471 116.99 116.82
1790890861.977 116.89 116.76
1790890862.482 116.83 116.72
1790890862.987 116.54 116.47
1790890863.492 116.53 116.46
1790890863.998 115.64 115.59
1790890864.503 115.23 115.18
1790890865.008 114.82 114.77
1790890865.513 114.33 114.29
1790890866.019 113.92 113.90
1790890866.525 113.14 113.65
1790890867.030 112.85 112.85
1790890867.535 112.59 112.61
1790890868.040 112.36 112.40
1790890868.545 112.12 112.19
1790890869.051 110.33 110.41
1790890869.557 109.92 110.03
1790890870.061 109.52 109.65
1790890870.567 111.06 111.20
1790890871.072 110.85 111.01
1790890871.576 110.63 110.81
1790890872.081 110.40 110.59
1790890872.586 108.87 109.07
1790890873.091 108.51 108.74
1790890873.596 108.48 108.73
1790890874.101 108.49 108.76
1790890874.606 108.47 108.76
1790890875.111 107.81 108.12
1790890875.617 107.40 107.73
1790890876.122 107.00 107.36
1790890876.631 107.65 108.02
1790890877.137 107.46 107.85
1790890877.642 107.19 107.60
1790890878.147 106.97 107.39
1790890878.652 105.13 105.57
1790890879.157 105.11 105.57
1790890879.662 105.09 105.57
1790890880.167 105.06 105.57
1790890880.673 104.24 104.77
1790890881.178 104.89 105.44
1790890881.684 104.61 105.19
1790890882.188 104.94 105.53
1790890882.693 104.75 105.36
1790890883.198 104.55 105.19
1790890883.703 104.35 105.00
1790890884.208 102.65 103.31
1790890884.713 102.62 103.31
1790890885.218 102.60 103.31
1790890885.723 102.58 103.32
1790890886.229 102.55 103.31
1790890886.735 102.13 102.92
1790890887.241 101.70 102.50
1790890887.746 101.72 102.54
1790890888.251 101.54 102.38
1790890888.756 101.34 102.20
1790890889.261 101.19 102.06
1790890889.766 99.48 100.37
1790890890.271 99.46 100.37
1790890890.777 99.43 100.37
1790890891.281 99.41 100.37
1790890891.786 99.29 100.27
1790890892.292 98.87 99.88
1790890892.797 98.73 99.76
1790890893.302 98.59 99.63
1790890893.807 98.35 99.41
1790890894.312 98.14 99.22
1790890894.817 97.92 99.01
1790890895.322 96.33 97.44
1790890895.827 96.31 97.44
1790890896.332 96.29 97.44
1790890896.837 96.26 97.45
1790890897.342 95.91 97.11
1790890897.847 95.62 96.85
1790890898.352 95.22 96.47
1790890898.858 95.59 96.86
1790890899.363 95.39 96.67
1790890899.869 95.15 96.45
1790890900.373 95.01 96.32
1790890900.879 93.60 94.93
1790890901.384 93.57 94.93
1790890901.889 93.55 94.93
1790890902.394 93.53 94.94
1790890902.900 93.49 94.91
1790890903.406 93.11 94.56
1790890903.914 92.69 94.16
1790890904.419 93.04 94.53
1790890904.924 92.86 94.37
1790890905.429 92.65 94.18
1790890905.935 92.46 94.00
1790890906.439 91.04 92.59
1790890906.944 91.02 92.60
1790890907.449 91.00 92.60
1790890907.954 91.03 92.65
1790890908.459 91.00 92.65
1790890908.965 90.58 92.25
1790890909.471 90.17 91.86
1790890909.975 90.85 92.56
1790890910.481 90.71 92.43
1790890910.985 90.50 92.24
1790890911.490 90.27 92.03
1790890911.996 88.82 90.61
1790890912.501 88.77 90.55
1790890913.006 88.75 90.56
1790890913.511 88.71 90.54
1790890914.016 88.69 90.54
1790890914.521 88.67 90.54
1790890915.027 88.00 89.90
1790890915.532 87.59 89.51
1790890916.037 87.99 89.92
1790890916.542 87.82 89.77
1790890917.048 87.66 89.63
1790890917.553 87.43 89.41
1790890918.057 85.79 87.79
1790890918.563 85.75 87.78
1790890919.067 85.74 87.79
1790890919.573 85.71 87.79
1790890920.078 85.69 87.79
1790890920.584 85.36 87.47
1790890921.089 84.94 87.08
1790890921.593 85.55 87.70
1790890922.098 85.36 87.53
1790890922.603 85.17 87.36
1790890923.108 84.96 87.17
1790890923.614 83.39 85.61
1790890924.119 83.36 85.61
1790890924.624 83.34 85.61
1790890925.129 83.31 85.61
1790890925.634 82.49 84.81
1790890926.140 82.63 84.97
1790890926.644 82.23 84.60
1790890927.149 82.91 85.29
1790890927.654 82.70 85.10
1790890928.159 82.49 84.91
1790890928.664 82.30 84.73
1790890929.169 80.61 83.06
1790890929.674 80.59 83.06
1790890930.179 80.56 83.06
1790890930.684 80.54 83.06
1790890931.190 80.26 82.80
1790890931.695 79.89 82.45
1790890932.201 79.48 82.08
1790890932.706 79.84 82.45
1790890933.211 79.68 82.31
1790890933.716 79.49 82.13
1790890934.221 79.32 81.97
1790890934.726 77.71 80.38
1790890935.232 77.68 80.38
1790890935.737 77.66 80.38
1790890936.242 77.64 80.39
1790890936.748 77.52 80.29
1790890937.253 77.12 79.92
1790890937.759 76.25 79.07
1790890938.263 76.77 79.61
1790890938.768 76.56 79.42
1790890939.273 76.38 79.25
1790890939.778 76.18 79.05
1790890940.283 74.57 77.47
1790890940.788 74.55 77.47
1790890941.293 74.53 77.47
1790890941.798 74.50 77.47
1790890942.304 74.42 77.42
1790890942.810 74.03 77.05
1790890943.315 72.85 75.89
1790890943.821 74.29 77.35
1790890944.325 74.11 77.18
1790890944.830 73.96 77.05
1790890945.336 73.29 76.39
1790890945.842 72.21 75.33
1790890946.347 72.19 75.33
1790890946.853 72.16 75.33
1790890947.358 72.14 75.33
1790890947.863 71.41 74.63
1790890948.369 71.00 74.24
1790890948.873 70.87 74.13
1790890949.378 70.69 73.97
1790890949.883 70.56 73.86
1790890950.388 70.36 73.68
1790890950.894 70.14 73.48
1790890951.399 68.53 71.88
1790890951.905 68.51 71.88
1790890952.410 68.48 71.88
1790890952.915 68.46 71.88
1790890953.420 68.08 71.52
1790890953.925 67.74 71.21
1790890954.430 67.37 70.86
1790890954.935 68.08 71.59
1790890955.440 67.98 71.50
1790890955.945 67.79 71.33
1790890956.450 67.60 71.15
1790890956.955 66.07 69.65
1790890957.460 66.05 69.65
1790890957.965 66.03 69.65
1790890958.469 66.42 70.07
1790890958.975 66.15 69.82
1790890959.481 65.75 69.45
1790890959.986 65.48 69.20
1790890960.490 66.03 69.76
1790890960.995 65.86 69.61
1790890961.500 65.66 69.43
1790890962.009 64.82 68.60
1790890962.515 63.92 67.71
1790890963.020 63.89 67.71
1790890963.526 63.86 67.71
1790890964.030 63.84 67.71
1790890964.536 63.61 67.50
1790890965.042 63.21 67.13
1790890965.547 63.35 67.29
1790890966.052 63.20 67.16
1790890966.557 63.07 67.04
1790890967.062 62.91 66.90
1790890967.568 61.45 65.46
1790890968.073 61.39 65.41
1790890968.578 61.34 65.40
1790890969.083 61.31 65.40
1790890969.588 61.90 66.01
1790890970.094 61.54 65.68
1790890970.599 61.17 65.34
1790890971.104 61.02 65.21
1790890971.610 60.92 65.14
1790890972.114 59.79 64.02
1790890972.619 59.76 64.02
1790890973.124 59.73 64.02
1790890973.630 59.16 63.49
1790890974.135 59.29 63.65
1790890974.640 59.49 63.87
1790890975.145 59.40 63.81
1790890975.650 59.30 63.74
1790890976.156 58.20 62.66
1790890976.661 58.12 62.61
1790890977.166 58.09 62.61
1790890977.671 58.06 62.61
1790890978.176 57.33 61.92
1790890978.681 57.01 61.62
1790890979.186 57.03 61.66
1790890979.691 56.92 61.57
1790890980.196 56.81 61.48
1790890980.701 55.74 60.43
1790890981.206 55.72 60.44
1790890981.711 55.69 60.44
1790890982.217 55.42 60.20
1790890982.722 55.28 60.10
1790890983.228 55.15 60.00
1790890983.733 54.98 59.84
1790890984.238 54.85 59.73
1790890984.743 54.69 59.59
1790890985.247 53.68 58.60
1790890985.752 53.65 58.61
1790890986.257 53.62 58.61
1790890986.764 53.42 58.43
1790890987.269 53.06 58.11
1790890987.773 53.05 58.12
1790890988.278 52.89 57.98
1790890988.783 52.71 57.82
1790890989.289 51.59 56.72
1790890989.794 51.57 56.72
1790890990.301 51.54 56.72
1790890990.805 51.45 56.64
1790890991.310 51.28 56.50
1790890991.816 50.59 55.83
1790890992.321 50.19 55.46
1790890992.827 50.79 56.08
1790890993.332 50.60 55.91
1790890993.837 50.38 55.70
1790890994.342 50.16 55.50
1790890994.848 48.52 53.88
1790890995.352 48.50 53.87
1790890995.858 48.48 53.87
1790890996.363 48.45 53.87
1790890996.867 48.43 53.87
1790890997.373 47.98 53.45
1790890997.878 47.59 53.09
1790890998.383 47.69 53.20
1790890998.888 47.52 53.05
1790890999.393 47.37 52.92
1790890999.898 47.25 52.82
1790891000.404 45.88 51.46
1790891000.908 45.85 51.46
1790891001.414 45.83 51.47
1790891001.919 46.59 52.25
1790891002.424 45.12 50.80
1790891002.931 44.88 50.59
1790891003.436 44.49 50.21
1790891003.943 45.47 51.21
1790891004.448 45.31 51.07
1790891004.954 45.11 50.88
1790891005.459 44.88 50.66
1790891005.964 43.29 49.09
1790891006.469 43.27 49.09
1790891006.974 43.24 49.09
1790891007.479 43.23 49.10
1790891007.984 43.20 49.10
1790891008.490 42.72 48.63
1790891008.995 42.33 48.26
1790891009.499 42.21 48.16
1790891010.004 42.06 48.04
1790891010.509 41.91 47.90
1790891011.015 41.70 47.71
1790891011.520 40.22 46.24
1790891012.025 40.15 46.19
1790891012.530 40.13 46.19
1790891013.035 40.10 46.19
1790891013.540 40.07 46.19
1790891014.046 39.67 45.81
1790891014.551 39.29 45.45
1790891015.056 39.77 45.95
1790891015.561 39.65 45.85
1790891016.066 39.53 45.74
1790891016.571 39.43 45.65
1790891017.077 37.83 44.07
1790891017.582 37.81 44.07
1790891018.087 37.78 44.07
1790891018.592 38.19 44.50
1790891019.097 38.16 44.50
1790891019.602 37.69 44.05
1790891020.108 37.29 43.68
1790891020.613 37.40 43.80
1790891021.118 37.22 43.64
1790891021.623 37.01 43.45
1790891022.128 36.78 43.23
1790891022.633 35.39 41.86
1790891023.139 35.36 41.86
1790891023.644 35.32 41.84
1790891024.149 35.30 41.84
1790891024.654 35.27 41.84
1790891025.160 34.66 41.24
1790891025.665 34.26 40.87
1790891026.171 34.56 41.19
1790891026.676 34.45 41.09
1790891027.181 34.25 40.91
1790891027.686 34.08 40.76
1790891028.191 32.35 39.05
1790891028.695 32.29 39.00
1790891029.201 32.27 39.00
1790891029.706 32.24 39.01
1790891030.211 32.22 39.01
1790891030.717 31.56 38.37
1790891031.222 31.16 38.00
1790891031.727 31.56 38.41
1790891032.232 31.43 38.30
1790891032.738 31.29 38.17
1790891033.243 31.15 38.05
1790891033.748 29.54 36.46
1790891034.253 29.52 36.46
1790891034.759 29.49 36.46
1790891035.264 29.47 36.46
1790891035.769 29.12 36.13
1790891036.275 28.81 35.85
1790891036.780 28.42 35.48
1790891037.285 28.74 35.81
1790891037.791 28.58 35.67
1790891038.296 28.41 35.52
1790891038.802 28.23 35.35
1790891039.307 26.69 33.83
1790891039.812 26.67 33.82
1790891040.317 26.65 33.83
1790891040.822 26.62 33.83
1790891041.327 26.60 33.83
1790891041.833 26.04 33.28
1790891042.338 25.78 33.04
1790891042.843 25.42 32.71
1790891043.348 25.90 33.20
1790891043.854 25.73 33.05
1790891044.359 25.52 32.86
1790891044.864 25.33 32.69
1790891045.369 23.96 31.33
1790891045.873 23.93 31.33
1790891046.379 23.91 31.33
1790891046.884 23.88 31.33
1790891047.390 23.70 31.17
1790891047.896 23.30 30.79
1790891048.401 22.11 29.63
1790891048.906 23.43 30.97
1790891049.411 23.30 30.85
1790891049.916 23.17 30.74
1790891050.422 22.65 30.22
1790891050.928 21.57 29.17
1790891051.433 21.54 29.16
1790891051.938 21.51 29.16
1790891052.443 21.49 29.16
1790891052.949 21.24 28.94
1790891053.454 20.84 28.56
1790891053.959 21.18 28.92
1790891054.464 21.07 28.83
1790891054.970 20.97 28.74
1790891055.475 20.85 28.64
1790891055.980 19.23 27.05
1790891056.486 19.17 27.00
1790891056.991 19.15 26.99
1790891057.496 19.13 27.00
1790891058.000 19.10 27.00
1790891058.506 18.70 26.62
1790891059.011 18.34 26.29
1790891059.516 17.21 25.17
1790891060.022 18.56 26.53
1790891060.527 18.47 26.46
1790891061.031 18.31 26.32
1790891061.537 17.87 25.89
1790891062.043 16.72 24.76
1790891062.548 16.69 24.76
1790891063.053 16.67 24.77
1790891063.558 16.65 24.76
1790891064.064 16.25 24.39
1790891064.570 15.86 24.02
1790891065.075 15.73 23.91
1790891065.580 15.59 23.79
1790891066.085 15.53 23.75
1790891066.590 15.42 23.65
1790891067.096 13.74 21.99
1790891067.601 13.66 21.93
1790891068.106 13.63 21.93
1790891068.612 13.61 21.93
1790891069.117 13.58 21.92
1790891069.622 12.89 21.25
1790891070.128 12.49 20.88
1790891070.633 12.88 21.29
1790891071.138 12.74 21.16
1790891071.643 12.54 20.98
1790891072.148 12.36 20.82
1790891072.653 12.20 20.67
1790891073.158 10.74 19.23
1790891073.663 12.07 20.58
1790891074.168 11.89 20.43
1790891074.673 11.71 20.27
1790891075.179 10.03 18.62
1790891075.685 9.63 18.24
1790891076.190 10.40 19.03
1790891076.695 10.26 18.90
1790891077.200 10.08 18.74
1790891077.705 9.86 18.54
1790891078.211 9.30 18.00
1790891078.716 8.08 16.79
1790891079.221 8.04 16.77
1790891079.726 8.02 16.78
1790891080.232 8.00 16.78
1790891080.737 7.80 16.60
1790891081.243 7.42 16.25
1790891081.748 7.01 15.86
1790891082.255 7.58 16.45
1790891082.760 7.42 16.31
1790891083.266 7.24 16.14
1790891083.771 7.09 16.01
1790891084.276 5.00 14.12
1790891084.782 6.81 15.99
1790891085.288 6.57 16.41
1790891085.793 7.07 16.44
1790891086.299 6.44 16.42
1790891086.804 6.90 16.44
1790891087.309 7.30 16.44
1790891087.815 6.68 16.43
1790891088.321 7.12 16.43
1790891088.826 6.44 16.42
1790891089.330 6.90 16.41
1790891089.836 7.37 16.42
1790891090.342 6.71 16.41
1790891090.848 7.19 16.42
1790891091.353 6.50 16.40
1790891091.858 6.99 16.42
1790891092.364 7.43 16.42
1790891092.869 6.81 16.41
1790891093.374 7.28 16.42
1790891093.880 6.62 16.40
1790891094.386 7.05 16.41
1790891094.891 6.42 16.41
1790891095.396 6.89 16.41
1790891095.901 7.34 16.42
1790891096.408 6.69 16.42
1790891096.913 7.14 16.42
1790891097.419 6.52 16.41
1790891097.924 6.99 16.42
1790891098.430 7.44 16.43
1790891098.936 6.80 16.41
1790891099.441 7.27 16.43
1790891099.947 6.63 16.42
1790891100.452 7.07 16.42
1790891100.958 6.44 16.41
1790891101.463 6.88 16.42
1790891101.968 7.35 16.43
1790891102.474 6.69 16.42
1790891102.979 7.14 16.42
1790891103.484 6.49 16.40
1790891103.989 6.90 16.41
1790891104.494 7.22 16.36
1790891104.998 6.56 16.35
1790891105.503 7.03 16.36
1790891106.008 6.36 16.34
1790891106.513 6.85 16.36
1790891107.018 7.29 16.37
1790891107.523 6.64 16.36
1790891108.028 7.08 16.36
1790891108.533 6.40 16.32
1790891109.038 6.86 16.33
1790891109.544 6.20 16.30
1790891110.049 6.65 16.30
1790891110.555 7.08 16.31
1790891111.060 6.45 16.30
1790891111.565 6.90 16.30
1790891112.071 6.15 16.28
1790891112.576 6.46 16.26
1790891113.081 6.82 16.24
1790891113.586 6.18 16.24
1790891114.092 6.66 16.22
1790891114.596 6.12 16.23
1790891115.101 6.54 16.19
1790891115.606 6.15 16.15
1790891116.112 6.23 16.17
1790891116.616 6.68 16.18
1790891117.122 6.07 16.18
1790891117.627 6.54 16.18
1790891118.132 5.87 16.16
1790891118.637 6.35 16.18
1790891119.142 6.83 16.19
1790891119.647 6.18 16.18
1790891120.152 6.62 16.18
1790891120.657 5.92 16.15
1790891121.161 6.40 16.15
1790891121.666 5.95 16.13
1790891122.171 6.18 16.13
1790891122.675 6.63 16.13
1790891123.180 5.96 16.11
1790891123.685 6.42 16.11
1790891124.190 5.76 16.07
1790891124.697 6.17 16.09
1790891125.206 6.61 16.10
1790891125.711 5.96 16.09
1790891126.218 6.38 16.09
1790891126.726 5.72 16.09
1790891127.231 6.20 16.10
1790891127.738 6.65 16.09
1790891128.248 6.02 16.08
1790891128.753 6.44 16.07
1790891129.261 5.77 16.06
1790891129.767 6.20 16.06
1790891130.274 6.70 16.14
1790891130.782 6.06 16.11
1790891131.289 6.50 16.13
1790891131.798 5.86 16.12
1790891132.305 6.33 16.12
1790891132.809 6.80 16.14
1790891133.315 6.12 16.12
1790891133.820 6.58 16.14
1790891134.325 5.95 16.12
1790891134.830 6.41 16.12
1790891135.335 5.74 16.10
1790891135.839 6.18 16.11
1790891136.344 6.63 16.11
1790891136.849 5.99 16.09
1790891137.354 6.46 16.12
1790891137.859 5.79 16.10
1790891138.366 6.24 16.10
1790891138.875 6.75 16.13
1790891139.381 6.07 16.11
1790891139.886 6.53 16.12
1790891140.391 5.90 16.14
1790891140.896 6.44 16.21
1790891141.403 6.88 16.21
1790891141.911 6.20 16.19
1790891142.418 6.67 16.22
1790891142.928 6.02 16.20
1790891143.436 6.49 16.21
1790891143.942 5.82 16.19
1790891144.447 6.27 16.19
1790891144.954 6.78 16.22
1790891145.463 6.09 16.20
1790891145.970 6.53 16.21
1790891146.478 5.84 16.20
1790891146.983 6.20 16.16
1790891147.487 6.67 16.17
1790891147.992 5.98 16.15
1790891148.497 7.00 16.68
1790891149.002 6.36 16.68
1790891149.506 6.75 16.64
1790891150.011 6.13 16.63
1790891150.517 6.63 16.64
1790891151.021 7.08 16.64
1790891151.529 6.44 16.63
1790891152.039 6.92 16.62
1790891152.545 6.23 16.60
1790891153.053 6.71 16.60
1790891153.559 6.10 16.60
1790891154.064 6.54 16.60
1790891154.571 7.05 16.61
1790891155.081 6.41 16.60
1790891155.590 6.84 16.60
1790891156.096 6.21 16.59
1790891156.600 6.70 16.60
1790891157.108 6.07 16.57
1790891157.616 6.52 16.58
1790891158.124 7.00 16.59
1790891158.633 6.35 16.59
1790891159.141 6.85 16.62
1790891159.646 6.17 16.60
1790891160.152 6.67 16.62
1790891160.658 7.14 16.63
1790891161.163 6.48 16.61
1790891161.669 6.95 16.62
1790891162.174 6.27 16.62
1790891162.680 6.72 16.62
1790891163.186 6.09 16.61
1790891163.691 6.58 16.60
1790891164.196 6.99 16.50
1790891164.701 6.83 16.36
1790891165.207 5.98 15.53
1790891165.712 6.03 15.59
1790891166.218 5.90 15.48
1790891166.723 5.17 14.76
1790891167.228 5.14 14.76
1790891167.733 4.84 14.47
1790891168.239 4.67 14.32
1790891168.745 4.44 14.09
1790891169.251 3.78 13.46
1790891169.757 3.75 13.44
1790891170.262 3.56 13.26
1790891170.768 3.38 13.09
1790891171.273 3.26 12.98
1790891171.778 2.84 12.76
1790891172.284 2.17 12.75
1790891172.790 2.74 12.83
1790891173.295 2.09 12.82
1790891173.800 2.58 12.83
1790891174.306 3.05 12.84
1790891174.811 2.66 12.39
1790891175.316 2.24 11.97
1790891175.822 2.20 11.96
1790891176.327 2.16 11.94
1790891176.832 2.12 11.93
1790891177.338 2.09 11.93
1790891177.842 1.98 11.82
1790891178.347 1.94 11.78
1790891178.853 1.94 11.78
1790891179.358 2.31 12.18
1790891179.863 1.96 12.17
1790891180.368 1.58 12.17
1790891180.873 1.27 11.93
1790891181.379 0.89 11.63
1790891181.885 0.84 11.59
1790891182.392 0.81 11.56
1790891182.899 1.03 11.63
1790891183.405 1.28 11.03
1790891183.913 1.41 11.32
1790891184.418 1.31 11.22
1790891184.924 2.03 11.36
1790891185.429 1.37 10.75
1790891185.934 1.34 10.76
1790891186.440 3.42 12.84
1790891186.945 3.56 12.98
1790891187.450 3.93 13.36
1790891187.955 108.03 117.45
1790891188.461 108.02 117.45
