1790890857.689 115.98 115.39
1790890858.193 115.94 115.38
1790890858.697 115.87 115.38
1790890859.202 115.79 115.37
1790890859.706 115.49 115.21
1790890860.210 115.40 115.16
1790890860.714 115.35 115.13
1790890861.219 115.02 114.84
1790890861.723 115.02 114.84
1790890862.228 115.02 114.84
1790890862.732 115.02 114.84
1790890863.236 115.00 114.83
1790890863.741 114.59 114.44
1790890864.245 113.82 113.66
1790890864.749 113.42 113.27
1790890865.253 112.92 112.77
1790890865.758 112.79 112.65
1790890866.262 111.78 112.01
1790890866.766 111.36 111.25
1790890867.271 111.12 111.04
1790890867.775 110.85 110.78
1790890868.279 110.60 110.56
1790890868.786 110.00 109.98
1790890869.290 108.46 108.47
1790890869.795 108.05 108.11
1790890870.299 108.81 108.89
1790890870.804 108.60 108.69
1790890871.308 108.39 108.49
1790890871.812 108.18 108.28
1790890872.316 106.43 106.54
1790890872.820 106.41 106.54
1790890873.324 106.37 106.53
1790890873.829 106.35 106.54
1790890874.333 105.86 106.05
1790890874.838 105.88 106.12
1790890875.342 105.55 105.81
1790890875.846 106.08 106.38
1790890876.351 105.91 106.21
1790890876.855 105.68 105.99
1790890877.359 105.45 105.77
1790890877.864 103.55 103.87
1790890878.368 103.47 103.82
1790890878.872 103.43 103.80
1790890879.377 103.41 103.80
1790890879.882 103.39 103.81
1790890880.387 102.74 103.20
1790890880.893 102.32 102.82
1790890881.397 103.00 103.52
1790890881.903 102.77 103.29
1790890882.407 102.54 103.08
1790890882.913 102.28 102.82
1790890883.417 100.56 101.11
1790890883.922 100.59 101.16
1790890884.427 100.57 101.16
1790890884.932 100.55 101.16
1790890885.437 100.53 101.16
1790890885.943 100.18 100.85
1790890886.448 99.80 100.52
1790890886.953 100.25 100.99
1790890887.458 100.08 100.82
1790890887.962 99.87 100.63
1790890888.467 99.62 100.39
1790890888.972 97.92 98.70
1790890889.477 97.90 98.70
1790890889.982 97.87 98.70
1790890890.487 97.86 98.71
1790890890.992 97.88 98.75
1790890891.498 97.83 98.75
1790890892.003 97.58 98.54
1790890892.507 97.62 98.59
1790890893.013 97.44 98.42
1790890893.518 97.22 98.20
1790890894.022 96.98 97.97
1790890894.527 95.34 96.34
1790890895.032 95.32 96.34
1790890895.537 95.30 96.34
1790890896.042 95.27 96.34
1790890896.548 95.26 96.34
1790890897.052 94.98 96.10
1790890897.558 94.57 95.73
1790890898.063 95.11 96.30
1790890898.568 94.93 96.12
1790890899.073 94.74 95.94
1790890899.578 94.51 95.72
1790890900.083 92.86 94.07
1790890900.588 92.82 94.06
1790890901.093 92.80 94.06
1790890901.598 92.77 94.06
1790890902.104 92.75 94.06
1790890902.609 92.43 93.78
1790890903.115 92.05 93.43
1790890903.620 91.97 93.38
1790890904.124 91.81 93.23
1790890904.630 91.61 93.03
1790890905.135 91.41 92.84
1790890905.640 90.70 92.13
1790890906.146 89.57 91.02
1790890906.651 89.54 91.02
1790890907.156 89.52 91.02
1790890907.661 89.50 91.02
1790890908.166 89.34 90.89
1790890908.672 88.95 90.54
1790890909.177 88.72 90.35
1790890909.682 88.73 90.36
1790890910.187 88.55 90.18
1790890910.692 88.33 89.97
1790890911.198 86.64 88.31
1790890911.703 86.58 88.26
1790890912.208 86.56 88.26
1790890912.713 86.54 88.26
1790890913.218 86.51 88.26
1790890913.724 85.97 87.76
1790890914.229 85.56 87.38
1790890914.734 86.10 87.95
1790890915.239 85.91 87.77
1790890915.744 85.72 87.58
1790890916.249 85.50 87.37
1790890916.755 83.91 85.79
1790890917.259 83.88 85.79
1790890917.764 83.85 85.79
1790890918.270 83.83 85.79
1790890918.775 83.80 85.77
1790890919.282 83.28 85.29
1790890919.787 82.87 84.93
1790890920.292 83.52 85.60
1790890920.797 83.33 85.40
1790890921.302 83.12 85.21
1790890921.807 82.92 85.01
1790890922.312 81.35 83.46
1790890922.817 81.33 83.46
1790890923.322 81.30 83.46
1790890923.827 81.26 83.44
1790890924.332 80.75 82.96
1790890924.837 80.36 82.62
1790890925.342 79.97 82.27
1790890925.848 80.53 82.84
1790890926.353 80.33 82.63
1790890926.858 80.09 82.40
1790890927.363 79.84 82.15
1790890927.868 78.57 80.89
1790890928.372 78.55 80.89
1790890928.877 78.50 80.88
1790890929.382 78.48 80.88
1790890929.888 78.18 80.60
1790890930.395 77.79 80.26
1790890930.900 77.40 79.91
1790890931.405 77.50 80.02
1790890931.910 77.39 79.92
1790890932.415 77.27 79.79
1790890932.920 77.14 79.67
1790890933.425 75.68 78.23
1790890933.930 75.64 78.22
1790890934.435 75.62 78.21
1790890934.940 75.59 78.21
1790890935.445 75.39 78.04
1790890935.951 75.01 77.70
1790890936.456 74.62 77.36
1790890936.961 75.19 77.93
1790890937.466 75.05 77.80
1790890937.971 74.90 77.65
1790890938.476 74.33 77.08
1790890938.982 73.17 75.94
1790890939.487 73.15 75.94
1790890939.992 73.13 75.94
1790890940.497 73.11 75.94
1790890941.002 73.09 75.94
1790890941.508 72.85 75.74
1790890942.013 72.47 75.40
1790890942.519 72.54 75.50
1790890943.023 72.41 75.37
1790890943.528 72.24 75.21
1790890944.033 72.11 75.09
1790890944.539 70.46 73.46
1790890945.044 70.41 73.41
1790890945.549 70.39 73.41
1790890946.055 70.36 73.41
1790890946.560 70.34 73.41
1790890947.065 69.90 73.01
1790890947.571 69.51 72.67
1790890948.076 70.13 73.32
1790890948.580 70.00 73.19
1790890949.086 69.85 73.05
1790890949.591 69.74 72.95
1790890950.097 68.10 71.34
1790890950.602 68.04 71.27
1790890951.107 68.01 71.27
1790890951.611 67.99 71.27
1790890952.116 67.97 71.28
1790890952.621 67.53 70.87
1790890953.127 67.20 70.59
1790890953.632 67.66 71.07
1790890954.137 67.46 70.88
1790890954.642 67.25 70.67
1790890955.147 67.06 70.48
1790890955.652 65.32 68.76
1790890956.157 65.30 68.76
1790890956.662 65.27 68.76
1790890957.168 65.25 68.76
1790890957.675 65.23 68.76
1790890958.181 64.43 68.00
1790890958.687 64.03 67.65
1790890959.192 64.49 68.13
1790890959.697 64.34 67.98
1790890960.201 64.20 67.84
1790890960.707 64.01 67.66
1790890961.212 62.33 65.99
1790890961.717 62.29 65.97
1790890962.222 62.27 65.97
1790890962.727 62.24 65.97
1790890963.232 62.22 65.97
1790890963.738 61.72 65.50
1790890964.243 61.35 65.18
1790890964.748 61.92 65.78
1790890965.253 61.78 65.65
1790890965.759 61.60 65.47
1790890966.264 61.49 65.36
1790890966.770 59.89 63.76
1790890967.275 59.81 63.71
1790890967.780 59.77 63.71
1790890968.285 59.74 63.70
1790890968.790 60.20 64.20
1790890969.296 59.85 63.90
1790890969.801 59.44 63.52
1790890970.306 59.34 63.43
1790890970.811 59.25 63.35
1790890971.316 58.17 62.29
1790890971.821 58.14 62.29
1790890972.326 58.11 62.29
1790890972.831 57.98 62.18
1790890973.336 57.76 62.01
1790890973.841 57.57 61.87
1790890974.346 57.98 62.29
1790890974.851 57.87 62.20
1790890975.356 57.77 62.11
1790890975.861 56.59 60.95
1790890976.366 56.56 60.95
1790890976.872 56.53 60.95
1790890977.377 56.17 60.61
1790890977.882 55.81 60.32
1790890978.387 55.90 60.44
1790890978.892 55.78 60.33
1790890979.397 55.69 60.24
1790890979.902 54.61 59.17
1790890980.407 54.58 59.17
1790890980.912 54.55 59.17
1790890981.417 54.53 59.17
1790890981.923 54.16 58.84
1790890982.428 53.90 58.63
1790890982.933 53.90 58.66
1790890983.437 53.78 58.55
1790890983.943 53.61 58.39
1790890984.448 52.54 57.33
1790890984.953 52.50 57.32
1790890985.458 52.47 57.32
1790890985.963 52.44 57.32
1790890986.469 52.27 57.20
1790890986.975 51.90 56.89
1790890987.480 52.00 56.99
1790890987.985 51.88 56.87
1790890988.490 50.73 55.73
1790890988.995 50.65 55.67
1790890989.500 50.62 55.67
1790890990.005 50.55 55.63
1790890990.510 50.32 55.42
1790890991.015 49.59 54.72
1790890991.521 49.21 54.38
1790890992.027 49.61 54.82
1790890992.532 49.48 54.69
1790890993.037 49.33 54.55
1790890993.542 49.15 54.37
1790890994.048 47.52 52.76
1790890994.553 47.46 52.71
1790890995.058 47.44 52.71
1790890995.563 47.42 52.71
1790890996.068 47.40 52.71
1790890996.573 47.07 52.40
1790890997.079 46.70 52.07
1790890997.584 46.31 51.73
1790890998.089 46.93 52.36
1790890998.594 46.71 52.15
1790890999.100 46.50 51.94
1790890999.605 46.33 51.77
1790891000.110 44.77 50.23
1790891000.615 44.74 50.23
1790891001.120 44.72 50.23
1790891001.625 45.46 50.99
1790891002.131 43.95 49.50
1790891002.637 43.56 49.17
1790891003.142 43.18 48.82
1790891003.647 44.57 50.22
1790891004.153 44.39 50.05
1790891004.657 44.20 49.87
1790891005.163 44.03 49.71
1790891005.668 42.53 48.22
1790891006.173 42.51 48.22
1790891006.678 42.48 48.22
1790891007.183 42.46 48.22
1790891007.689 42.20 47.99
1790891008.195 41.82 47.65
1790891008.700 41.43 47.30
1790891009.206 41.98 47.86
1790891009.710 41.77 47.66
1790891010.215 41.61 47.49
1790891010.720 41.43 47.32
1790891011.225 39.80 45.70
1790891011.730 39.78 45.70
1790891012.235 39.76 45.70
1790891012.740 39.74 45.70
1790891013.245 39.71 45.70
1790891013.751 39.48 45.50
1790891014.257 39.62 45.68
1790891014.762 38.97 45.07
1790891015.267 39.51 45.61
1790891015.772 39.32 45.43
1790891016.277 39.15 45.26
1790891016.783 37.55 43.67
1790891017.287 37.46 43.59
1790891017.793 37.43 43.59
1790891018.298 37.41 43.60
1790891018.803 37.39 43.60
1790891019.309 36.68 42.92
1790891019.815 36.31 42.59
1790891020.320 36.37 42.69
1790891020.825 36.24 42.56
1790891021.330 36.06 42.39
1790891021.835 35.85 42.19
1790891022.341 34.23 40.57
1790891022.846 34.20 40.57
1790891023.351 34.18 40.58
1790891023.856 34.16 40.58
1790891024.361 34.12 40.56
1790891024.866 33.58 40.05
1790891025.372 33.19 39.71
1790891025.877 33.26 39.81
1790891026.382 33.08 39.64
1790891026.888 32.91 39.47
1790891027.393 32.76 39.32
1790891027.898 31.10 37.67
1790891028.403 31.07 37.67
1790891028.908 31.05 37.67
1790891029.414 31.03 37.67
1790891029.919 31.01 37.67
1790891030.425 30.56 37.26
1790891030.930 30.17 36.92
1790891031.435 30.72 37.49
1790891031.940 30.58 37.35
1790891032.445 30.40 37.18
1790891032.950 30.28 37.07
1790891033.455 28.57 35.36
1790891033.960 28.59 35.40
1790891034.465 28.54 35.38
1790891034.970 28.52 35.38
1790891035.475 28.50 35.38
1790891035.981 28.03 34.95
1790891036.486 27.64 34.61
1790891036.991 27.72 34.71
1790891037.496 27.53 34.53
1790891038.001 27.37 34.37
1790891038.506 27.17 34.17
1790891039.012 25.61 32.61
1790891039.516 25.54 32.57
1790891040.021 25.52 32.58
1790891040.526 25.50 32.58
1790891041.031 25.47 32.58
1790891041.536 25.04 32.18
1790891042.042 24.65 31.83
1790891042.547 24.74 31.95
1790891043.051 24.65 31.87
1790891043.556 24.43 31.65
1790891044.061 24.21 31.44
1790891044.566 22.58 29.82
1790891045.071 22.56 29.82
1790891045.576 22.53 29.82
1790891046.081 22.51 29.83
1790891046.586 22.49 29.83
1790891047.091 21.95 29.32
1790891047.597 21.56 28.97
1790891048.102 21.90 29.35
1790891048.607 21.69 29.14
1790891049.112 21.48 28.93
1790891049.617 21.33 28.79
1790891050.122 19.72 27.18
1790891050.627 19.69 27.18
1790891051.132 19.67 27.18
1790891051.637 19.65 27.18
1790891052.144 19.62 27.18
1790891052.649 18.98 26.58
1790891053.156 18.60 26.24
1790891053.661 19.05 26.71
1790891054.166 18.87 26.53
1790891054.671 18.69 26.36
1790891055.176 18.53 26.20
1790891055.681 18.33 26.01
1790891056.186 16.77 24.46
1790891056.690 16.74 24.46
1790891057.195 16.72 24.46
1790891057.700 16.70 24.46
1790891058.206 16.35 24.14
1790891058.711 15.96 23.80
1790891059.216 15.52 23.42
1790891059.721 16.09 24.06
1790891060.226 15.91 23.89
1790891060.730 15.74 23.73
1790891061.237 15.09 23.08
1790891061.742 14.12 22.13
1790891062.247 14.09 22.13
1790891062.752 14.06 22.13
1790891063.256 14.02 22.13
1790891063.762 13.56 21.71
1790891064.266 13.07 21.35
1790891064.771 12.54 21.01
1790891065.276 13.19 21.67
1790891065.782 13.03 21.51
1790891066.287 12.85 21.35
1790891066.792 11.97 20.46
1790891067.297 11.31 19.83
1790891067.802 11.28 19.82
1790891068.307 11.25 19.81
1790891068.812 11.27 19.86
1790891069.317 10.59 19.21
1790891069.821 10.18 18.83
1790891070.326 9.78 18.47
1790891070.832 10.33 19.04
1790891071.336 10.14 18.85
1790891071.840 9.93 18.65
1790891072.345 8.40 17.12
1790891072.850 8.29 17.04
1790891073.354 9.52 18.29
1790891073.861 9.32 18.12
1790891074.368 9.11 17.93
1790891074.877 7.64 16.49
1790891075.385 7.23 16.13
1790891075.893 8.41 17.34
1790891076.397 8.23 17.16
1790891076.904 8.04 16.97
1790891077.409 7.82 16.76
1790891077.916 6.17 15.12
1790891078.424 6.14 15.12
1790891078.930 6.12 15.12
1790891079.439 6.09 15.11
1790891079.943 6.07 15.11
1790891080.451 5.20 14.27
1790891080.957 4.82 13.93
1790891081.464 5.35 14.50
1790891081.970 5.15 14.30
1790891082.477 4.98 14.14
1790891082.984 4.78 13.94
1790891083.489 2.70 11.91
1790891083.993 4.15 13.40
1790891084.497 3.46 13.37
1790891085.002 4.18 13.60
1790891085.506 3.56 13.60
1790891086.011 4.04 13.60
1790891086.515 3.42 13.60
1790891087.020 3.98 13.74
1790891087.524 4.45 13.74
1790891088.032 3.79 13.73
1790891088.537 4.24 13.72
1790891089.044 3.61 13.71
1790891089.555 4.05 13.71
1790891090.064 4.43 13.71
1790891090.569 3.90 13.70
1790891091.076 4.34 13.70
1790891091.584 3.72 13.69
1790891092.090 4.19 13.69
1790891092.594 3.53 13.67
1790891093.101 4.03 13.68
1790891093.610 4.46 13.68
1790891094.118 3.82 13.67
1790891094.624 4.30 13.66
1790891095.129 3.65 13.64
1790891095.634 4.11 13.63
1790891096.139 3.45 13.62
1790891096.643 3.91 13.61
1790891097.148 4.38 13.61
1790891097.653 3.73 13.59
1790891098.158 4.18 13.60
1790891098.662 3.54 13.58
1790891099.167 3.99 13.57
1790891099.672 3.35 13.55
1790891100.179 3.83 13.55
1790891100.687 4.25 13.55
1790891101.194 3.64 13.55
1790891101.705 4.11 13.55
1790891102.211 3.46 13.53
1790891102.715 3.95 13.54
1790891103.220 3.33 13.51
1790891103.728 3.74 13.52
1790891104.235 4.16 13.51
1790891104.744 3.51 13.48
1790891105.251 3.98 13.48
1790891105.759 3.32 13.47
1790891106.264 3.82 13.48
1790891106.770 4.25 13.48
1790891107.275 3.62 13.47
1790891107.782 4.10 13.46
1790891108.290 3.44 13.45
1790891108.798 3.92 13.45
1790891109.306 3.31 13.49
1790891109.812 3.78 13.49
1790891110.317 4.26 13.51
1790891110.823 3.64 13.50
1790891111.328 4.13 13.51
1790891111.834 3.48 13.50
1790891112.340 3.96 13.51
1790891112.845 3.32 13.50
1790891113.350 3.78 13.51
1790891113.856 4.30 13.55
1790891114.361 3.70 13.53
1790891114.867 4.17 13.54
1790891115.372 3.54 13.53
1790891115.878 4.04 13.53
1790891116.383 3.41 13.53
1790891116.889 3.84 13.54
1790891117.395 3.93 13.54
1790891117.900 3.73 13.53
1790891118.405 4.19 13.54
1790891118.910 3.55 13.53
1790891119.416 4.06 13.54
1790891119.922 3.43 13.53
1790891120.428 3.90 13.55
1790891120.933 3.29 13.54
1790891121.438 4.30 14.10
1790891121.943 4.78 14.11
1790891122.449 4.12 14.10
1790891122.954 4.59 14.10
1790891123.459 3.98 14.11
1790891123.965 4.46 14.12
1790891124.470 4.91 14.15
1790891124.975 4.29 14.14
1790891125.481 4.74 14.15
1790891125.987 4.11 14.14
1790891126.492 4.55 14.14
1790891126.997 3.91 14.13
1790891127.502 4.42 14.14
1790891128.008 4.90 14.15
1790891128.514 4.23 14.14
1790891129.019 4.70 14.14
1790891129.524 4.05 14.13
1790891130.029 4.53 14.14
1790891130.535 3.89 14.12
1790891131.040 4.32 14.14
1790891131.545 4.83 14.16
1790891132.051 4.17 14.14
1790891132.555 4.67 14.15
1790891133.061 4.03 14.15
1790891133.566 4.51 14.17
1790891134.071 3.98 14.14
1790891134.576 4.36 14.16
1790891135.081 4.83 14.17
1790891135.586 4.18 14.17
1790891136.092 4.66 14.17
1790891136.597 4.03 14.16
1790891137.103 4.48 14.17
1790891137.609 4.93 14.18
1790891138.114 4.30 14.16
1790891138.619 4.81 14.19
1790891139.125 4.17 14.18
1790891139.631 4.63 14.18
1790891140.136 4.02 14.18
1790891140.642 4.49 14.19
1790891141.147 4.95 14.20
1790891141.653 4.33 14.19
1790891142.158 4.78 14.20
1790891142.663 4.18 14.24
1790891143.169 4.67 14.24
1790891143.674 3.99 14.21
1790891144.179 4.47 14.22
1790891144.685 4.98 14.23
1790891145.190 4.34 14.24
1790891145.695 4.82 14.24
1790891146.201 4.18 14.23
1790891146.706 4.66 14.24
1790891147.211 4.01 14.23
1790891147.717 4.50 14.23
1790891148.222 4.98 14.25
1790891148.728 4.40 14.30
1790891149.233 4.89 14.31
1790891149.738 4.27 14.31
1790891150.244 4.74 14.31
1790891150.749 4.11 14.30
1790891151.254 4.56 14.30
1790891151.761 5.06 14.31
1790891152.266 4.42 14.30
1790891152.772 4.87 14.31
1790891153.277 4.31 14.37
1790891153.783 4.80 14.37
1790891154.288 4.23 14.44
1790891154.793 4.69 14.44
1790891155.299 5.19 14.45
1790891155.804 4.54 14.44
1790891156.310 5.01 14.45
1790891156.815 4.39 14.45
1790891157.320 4.85 14.46
1790891157.825 4.20 14.45
1790891158.330 4.71 14.46
1790891158.836 5.18 14.48
1790891159.341 4.54 14.47
1790891159.846 5.02 14.48
1790891160.352 4.37 14.47
1790891160.857 4.86 14.48
1790891161.362 4.22 14.47
1790891161.868 4.68 14.47
1790891162.374 5.14 14.48
1790891162.879 4.50 14.47
1790891163.385 4.97 14.47
1790891163.891 4.31 14.47
1790891164.396 4.78 14.47
1790891164.901 5.13 14.37
1790891165.407 4.97 14.24
1790891165.911 4.22 13.50
1790891166.416 4.34 13.65
1790891166.922 4.21 13.53
1790891167.427 3.50 12.82
1790891167.932 3.48 12.82
1790891168.437 3.44 12.81
1790891168.942 3.23 12.61
1790891169.447 3.10 12.49
1790891169.952 2.35 11.75
1790891170.457 2.34 11.75
1790891170.962 1.96 11.41
1790891171.467 1.80 11.26
1790891171.973 1.25 10.73
1790891172.478 1.54 11.45
1790891172.983 1.25 11.60
1790891173.489 1.76 11.61
1790891173.994 2.24 11.62
1790891174.499 1.59 11.61
1790891175.005 2.04 11.60
1790891175.510 1.71 11.00
1790891176.016 1.40 10.71
1790891176.521 1.35 10.68
1790891177.026 1.33 10.67
1790891177.531 1.28 10.66
1790891178.036 1.21 10.62
1790891178.541 1.12 10.53
1790891179.048 0.94 10.37
1790891179.554 1.39 10.42
1790891180.059 1.11 10.53
1790891180.565 1.18 10.79
1790891181.071 0.81 10.53
1790891181.577 1.33 10.99
1790891182.082 1.17 10.82
1790891182.588 0.99 10.64
1790891183.093 1.53 10.22
1790891183.598 1.41 10.11
1790891184.104 1.28 9.97
1790891184.609 1.16 9.84
1790891185.114 1.20 9.10
1790891185.619 1.15 9.08
1790891186.125 2.90 10.85
1790891186.630 3.06 11.00
1790891187.136 3.12 11.07
1790891187.641 87.01 94.95
1790891188.147 107.48 115.41
1790891188.652 107.46 115.39
